QAOA sequences 20 / 360 ('amplitude_damping_n10_b3_p2_e20_s6152', 'complete')
QAOA sequences 40 / 360 ('amplitude_damping_n14_b3_p1_e80_s6101', 'complete')
QAOA sequences 60 / 360 ('amplitude_damping_n14_b5_p2_e80_s6152', 'complete')
QAOA sequences 80 / 360 ('thermal_relaxation_n10_b3_p2_e20_s6203', 'complete')
QAOA sequences 100 / 360 ('thermal_relaxation_n14_b3_p1_e20_s6203', 'complete')
QAOA sequences 120 / 360 ('thermal_relaxation_n14_b5_p2_e80_s6203', 'complete')
QAOA sequences 140 / 360 ('dephasing_n10_b3_p2_e20_s6152', 'complete')
QAOA sequences 160 / 360 ('dephasing_n14_b3_p1_e80_s6101', 'complete')
QAOA sequences 180 / 360 ('coherent_rotation_n8_b3_p1_e20_s6101', 'complete')
QAOA sequences 200 / 360 ('coherent_rotation_n10_b3_p2_e20_s6152', 'complete')
QAOA sequences 220 / 360 ('coherent_rotation_n14_b3_p1_e20_s6203', 'complete')
QAOA sequences 240 / 360 ('driven_dissipation_n8_b3_p1_e20_s6101', 'complete')
QAOA sequences 260 / 360 ('driven_dissipation_n10_b3_p2_e20_s6101', 'complete')
QAOA sequences 280 / 360 ('driven_dissipation_n14_b3_p1_e80_s6101', 'complete')
QAOA sequences 300 / 360 ('driven_dissipation_n14_b5_p2_e80_s6152', 'complete')
QAOA sequences 320 / 360 ('depolarizing_n10_b3_p2_e20_s6101', 'complete')
QAOA sequences 340 / 360 ('depolarizing_n14_b3_p1_e80_s6101', 'complete')
QAOA sequences 360 / 360 ('depolarizing_n14_b5_p2_e80_s6203', 'complete')
Classical problems 50 / 90 ('coherent_rotation_r0_n14_b5', 'complete')
Classical problems 90 / 90 ('depolarizing_r2_n14_b5', 'complete')
