1 / 30 ('amplitude_damping_00', 'greedy', 'complete')
2 / 30 ('amplitude_damping_02', 'greedy', 'complete')
3 / 30 ('amplitude_damping_01', 'greedy', 'complete')
4 / 30 ('amplitude_damping_04', 'greedy', 'complete')
5 / 30 ('amplitude_damping_03', 'greedy', 'complete')
6 / 30 ('thermal_relaxation_00', 'greedy', 'complete')
7 / 30 ('thermal_relaxation_03', 'greedy', 'complete')
8 / 30 ('thermal_relaxation_04', 'greedy', 'complete')
9 / 30 ('dephasing_01', 'greedy', 'complete')
10 / 30 ('dephasing_00', 'greedy', 'complete')
11 / 30 ('thermal_relaxation_02', 'greedy', 'complete')
12 / 30 ('thermal_relaxation_01', 'greedy', 'complete')
13 / 30 ('dephasing_02', 'greedy', 'complete')
14 / 30 ('coherent_rotation_00', 'greedy', 'complete')
15 / 30 ('coherent_rotation_01', 'greedy', 'complete')
16 / 30 ('dephasing_04', 'greedy', 'complete')
17 / 30 ('coherent_rotation_03', 'greedy', 'complete')
18 / 30 ('driven_dissipation_00', 'greedy', 'complete')
19 / 30 ('driven_dissipation_01', 'greedy', 'complete')
20 / 30 ('coherent_rotation_04', 'greedy', 'complete')
21 / 30 ('driven_dissipation_02', 'greedy', 'complete')
22 / 30 ('driven_dissipation_03', 'greedy', 'complete')
23 / 30 ('driven_dissipation_04', 'greedy', 'complete')
24 / 30 ('dephasing_03', 'greedy', 'complete')
25 / 30 ('depolarizing_00', 'greedy', 'complete')
26 / 30 ('depolarizing_01', 'greedy', 'complete')
27 / 30 ('depolarizing_02', 'greedy', 'complete')
28 / 30 ('depolarizing_03', 'greedy', 'complete')
29 / 30 ('depolarizing_04', 'greedy', 'complete')
30 / 30 ('coherent_rotation_02', 'greedy', 'complete')
