1 / 180 ('amplitude_damping_00', 'random_qubo', 'complete')
2 / 180 ('amplitude_damping_00', 'swap', 'complete')
3 / 180 ('amplitude_damping_00', 'exact_qubo', 'complete')
4 / 180 ('amplitude_damping_00', 'fixed_prior', 'complete')
5 / 180 ('amplitude_damping_00', 'qaoa_cold', 'complete')
6 / 180 ('amplitude_damping_00', 'qaoa_transfer', 'complete')
7 / 180 ('amplitude_damping_01', 'fixed_prior', 'complete')
8 / 180 ('amplitude_damping_01', 'exact_qubo', 'complete')
9 / 180 ('amplitude_damping_01', 'swap', 'complete')
10 / 180 ('amplitude_damping_01', 'random_qubo', 'complete')
11 / 180 ('amplitude_damping_02', 'fixed_prior', 'complete')
12 / 180 ('amplitude_damping_02', 'random_qubo', 'complete')
13 / 180 ('amplitude_damping_02', 'exact_qubo', 'complete')
14 / 180 ('amplitude_damping_01', 'qaoa_cold', 'complete')
15 / 180 ('amplitude_damping_02', 'qaoa_cold', 'complete')
16 / 180 ('amplitude_damping_02', 'swap', 'complete')
17 / 180 ('amplitude_damping_03', 'fixed_prior', 'complete')
18 / 180 ('amplitude_damping_01', 'qaoa_transfer', 'complete')
19 / 180 ('amplitude_damping_02', 'qaoa_transfer', 'complete')
20 / 180 ('amplitude_damping_03', 'exact_qubo', 'complete')
21 / 180 ('amplitude_damping_03', 'random_qubo', 'complete')
22 / 180 ('amplitude_damping_03', 'swap', 'complete')
23 / 180 ('amplitude_damping_03', 'qaoa_cold', 'complete')
24 / 180 ('amplitude_damping_04', 'fixed_prior', 'complete')
25 / 180 ('amplitude_damping_04', 'random_qubo', 'complete')
26 / 180 ('amplitude_damping_04', 'qaoa_cold', 'complete')
27 / 180 ('amplitude_damping_03', 'qaoa_transfer', 'complete')
28 / 180 ('amplitude_damping_04', 'exact_qubo', 'complete')
29 / 180 ('amplitude_damping_04', 'swap', 'complete')
30 / 180 ('amplitude_damping_04', 'qaoa_transfer', 'complete')
31 / 180 ('thermal_relaxation_00', 'fixed_prior', 'complete')
32 / 180 ('thermal_relaxation_00', 'exact_qubo', 'complete')
33 / 180 ('thermal_relaxation_00', 'random_qubo', 'complete')
34 / 180 ('thermal_relaxation_00', 'swap', 'complete')
35 / 180 ('thermal_relaxation_01', 'fixed_prior', 'complete')
36 / 180 ('thermal_relaxation_00', 'qaoa_cold', 'complete')
37 / 180 ('thermal_relaxation_00', 'qaoa_transfer', 'complete')
38 / 180 ('thermal_relaxation_01', 'exact_qubo', 'complete')
39 / 180 ('thermal_relaxation_01', 'swap', 'complete')
40 / 180 ('thermal_relaxation_01', 'random_qubo', 'complete')
41 / 180 ('thermal_relaxation_02', 'fixed_prior', 'complete')
42 / 180 ('thermal_relaxation_01', 'qaoa_cold', 'complete')
43 / 180 ('thermal_relaxation_01', 'qaoa_transfer', 'complete')
44 / 180 ('thermal_relaxation_02', 'random_qubo', 'complete')
45 / 180 ('thermal_relaxation_02', 'exact_qubo', 'complete')
46 / 180 ('thermal_relaxation_03', 'fixed_prior', 'complete')
47 / 180 ('thermal_relaxation_03', 'exact_qubo', 'complete')
48 / 180 ('thermal_relaxation_02', 'swap', 'complete')
49 / 180 ('thermal_relaxation_03', 'random_qubo', 'complete')
50 / 180 ('thermal_relaxation_02', 'qaoa_transfer', 'complete')
51 / 180 ('thermal_relaxation_02', 'qaoa_cold', 'complete')
52 / 180 ('thermal_relaxation_04', 'fixed_prior', 'complete')
53 / 180 ('thermal_relaxation_03', 'swap', 'complete')
54 / 180 ('thermal_relaxation_03', 'qaoa_transfer', 'complete')
55 / 180 ('thermal_relaxation_03', 'qaoa_cold', 'complete')
56 / 180 ('thermal_relaxation_04', 'swap', 'complete')
57 / 180 ('thermal_relaxation_04', 'exact_qubo', 'complete')
58 / 180 ('thermal_relaxation_04', 'qaoa_cold', 'complete')
59 / 180 ('thermal_relaxation_04', 'random_qubo', 'complete')
60 / 180 ('thermal_relaxation_04', 'qaoa_transfer', 'complete')
61 / 180 ('dephasing_00', 'exact_qubo', 'complete')
62 / 180 ('dephasing_00', 'random_qubo', 'complete')
63 / 180 ('dephasing_00', 'fixed_prior', 'complete')
64 / 180 ('dephasing_00', 'swap', 'complete')
65 / 180 ('dephasing_00', 'qaoa_cold', 'complete')
66 / 180 ('dephasing_01', 'exact_qubo', 'complete')
67 / 180 ('dephasing_01', 'random_qubo', 'complete')
68 / 180 ('dephasing_01', 'swap', 'complete')
69 / 180 ('dephasing_01', 'fixed_prior', 'complete')
70 / 180 ('dephasing_01', 'qaoa_cold', 'complete')
71 / 180 ('dephasing_02', 'fixed_prior', 'complete')
72 / 180 ('dephasing_02', 'exact_qubo', 'complete')
73 / 180 ('dephasing_00', 'qaoa_transfer', 'complete')
74 / 180 ('dephasing_01', 'qaoa_transfer', 'complete')
75 / 180 ('dephasing_02', 'swap', 'complete')
76 / 180 ('dephasing_02', 'random_qubo', 'complete')
77 / 180 ('dephasing_02', 'qaoa_transfer', 'complete')
78 / 180 ('dephasing_02', 'qaoa_cold', 'complete')
79 / 180 ('dephasing_03', 'fixed_prior', 'complete')
80 / 180 ('dephasing_03', 'random_qubo', 'complete')
81 / 180 ('dephasing_03', 'qaoa_cold', 'complete')
82 / 180 ('dephasing_04', 'fixed_prior', 'complete')
83 / 180 ('dephasing_03', 'exact_qubo', 'complete')
84 / 180 ('dephasing_03', 'swap', 'complete')
85 / 180 ('dephasing_04', 'random_qubo', 'complete')
86 / 180 ('dephasing_04', 'exact_qubo', 'complete')
87 / 180 ('dephasing_04', 'qaoa_transfer', 'complete')
88 / 180 ('dephasing_04', 'qaoa_cold', 'complete')
89 / 180 ('coherent_rotation_00', 'exact_qubo', 'complete')
90 / 180 ('dephasing_04', 'swap', 'complete')
91 / 180 ('coherent_rotation_00', 'fixed_prior', 'complete')
92 / 180 ('coherent_rotation_00', 'random_qubo', 'complete')
93 / 180 ('coherent_rotation_00', 'swap', 'complete')
94 / 180 ('dephasing_03', 'qaoa_transfer', 'complete')
95 / 180 ('coherent_rotation_00', 'qaoa_cold', 'complete')
96 / 180 ('coherent_rotation_00', 'qaoa_transfer', 'complete')
97 / 180 ('coherent_rotation_01', 'exact_qubo', 'complete')
98 / 180 ('coherent_rotation_01', 'fixed_prior', 'complete')
99 / 180 ('coherent_rotation_01', 'random_qubo', 'complete')
100 / 180 ('coherent_rotation_01', 'qaoa_cold', 'complete')
101 / 180 ('coherent_rotation_01', 'swap', 'complete')
102 / 180 ('coherent_rotation_01', 'qaoa_transfer', 'complete')
103 / 180 ('coherent_rotation_02', 'fixed_prior', 'complete')
104 / 180 ('coherent_rotation_02', 'exact_qubo', 'complete')
105 / 180 ('coherent_rotation_02', 'swap', 'complete')
106 / 180 ('coherent_rotation_02', 'random_qubo', 'complete')
107 / 180 ('coherent_rotation_03', 'fixed_prior', 'complete')
108 / 180 ('coherent_rotation_02', 'qaoa_transfer', 'complete')
109 / 180 ('coherent_rotation_03', 'swap', 'complete')
110 / 180 ('coherent_rotation_03', 'random_qubo', 'complete')
111 / 180 ('coherent_rotation_03', 'exact_qubo', 'complete')
112 / 180 ('coherent_rotation_03', 'qaoa_cold', 'complete')
113 / 180 ('coherent_rotation_03', 'qaoa_transfer', 'complete')
114 / 180 ('coherent_rotation_02', 'qaoa_cold', 'complete')
115 / 180 ('coherent_rotation_04', 'random_qubo', 'complete')
116 / 180 ('coherent_rotation_04', 'exact_qubo', 'complete')
117 / 180 ('coherent_rotation_04', 'fixed_prior', 'complete')
118 / 180 ('coherent_rotation_04', 'qaoa_cold', 'complete')
119 / 180 ('driven_dissipation_00', 'exact_qubo', 'complete')
120 / 180 ('coherent_rotation_04', 'qaoa_transfer', 'complete')
121 / 180 ('driven_dissipation_00', 'fixed_prior', 'complete')
122 / 180 ('driven_dissipation_00', 'random_qubo', 'complete')
123 / 180 ('driven_dissipation_00', 'swap', 'complete')
124 / 180 ('coherent_rotation_04', 'swap', 'complete')
125 / 180 ('driven_dissipation_00', 'qaoa_cold', 'complete')
126 / 180 ('driven_dissipation_00', 'qaoa_transfer', 'complete')
127 / 180 ('driven_dissipation_01', 'swap', 'complete')
128 / 180 ('driven_dissipation_01', 'exact_qubo', 'complete')
129 / 180 ('driven_dissipation_01', 'random_qubo', 'complete')
130 / 180 ('driven_dissipation_01', 'qaoa_cold', 'complete')
131 / 180 ('driven_dissipation_01', 'fixed_prior', 'complete')
132 / 180 ('driven_dissipation_02', 'fixed_prior', 'complete')
133 / 180 ('driven_dissipation_01', 'qaoa_transfer', 'complete')
134 / 180 ('driven_dissipation_02', 'exact_qubo', 'complete')
135 / 180 ('driven_dissipation_02', 'random_qubo', 'complete')
136 / 180 ('driven_dissipation_02', 'qaoa_transfer', 'complete')
137 / 180 ('driven_dissipation_02', 'swap', 'complete')
138 / 180 ('driven_dissipation_02', 'qaoa_cold', 'complete')
139 / 180 ('driven_dissipation_03', 'exact_qubo', 'complete')
140 / 180 ('driven_dissipation_03', 'random_qubo', 'complete')
141 / 180 ('driven_dissipation_03', 'swap', 'complete')
142 / 180 ('driven_dissipation_03', 'qaoa_cold', 'complete')
143 / 180 ('driven_dissipation_03', 'fixed_prior', 'complete')
144 / 180 ('driven_dissipation_04', 'exact_qubo', 'complete')
145 / 180 ('driven_dissipation_04', 'fixed_prior', 'complete')
146 / 180 ('driven_dissipation_04', 'random_qubo', 'complete')
147 / 180 ('driven_dissipation_04', 'swap', 'complete')
148 / 180 ('driven_dissipation_03', 'qaoa_transfer', 'complete')
149 / 180 ('driven_dissipation_04', 'qaoa_cold', 'complete')
150 / 180 ('driven_dissipation_04', 'qaoa_transfer', 'complete')
151 / 180 ('depolarizing_00', 'fixed_prior', 'complete')
152 / 180 ('depolarizing_00', 'swap', 'complete')
153 / 180 ('depolarizing_00', 'exact_qubo', 'complete')
154 / 180 ('depolarizing_00', 'random_qubo', 'complete')
155 / 180 ('depolarizing_00', 'qaoa_cold', 'complete')
156 / 180 ('depolarizing_00', 'qaoa_transfer', 'complete')
157 / 180 ('depolarizing_01', 'fixed_prior', 'complete')
158 / 180 ('depolarizing_01', 'exact_qubo', 'complete')
159 / 180 ('depolarizing_01', 'swap', 'complete')
160 / 180 ('depolarizing_01', 'random_qubo', 'complete')
161 / 180 ('depolarizing_02', 'fixed_prior', 'complete')
162 / 180 ('depolarizing_01', 'qaoa_transfer', 'complete')
163 / 180 ('depolarizing_02', 'exact_qubo', 'complete')
164 / 180 ('depolarizing_02', 'random_qubo', 'complete')
165 / 180 ('depolarizing_01', 'qaoa_cold', 'complete')
166 / 180 ('depolarizing_02', 'qaoa_cold', 'complete')
167 / 180 ('depolarizing_02', 'swap', 'complete')
168 / 180 ('depolarizing_03', 'exact_qubo', 'complete')
169 / 180 ('depolarizing_03', 'fixed_prior', 'complete')
170 / 180 ('depolarizing_03', 'random_qubo', 'complete')
171 / 180 ('depolarizing_03', 'swap', 'complete')
172 / 180 ('depolarizing_02', 'qaoa_transfer', 'complete')
173 / 180 ('depolarizing_03', 'qaoa_cold', 'complete')
174 / 180 ('depolarizing_03', 'qaoa_transfer', 'complete')
175 / 180 ('depolarizing_04', 'fixed_prior', 'complete')
176 / 180 ('depolarizing_04', 'exact_qubo', 'complete')
177 / 180 ('depolarizing_04', 'random_qubo', 'complete')
178 / 180 ('depolarizing_04', 'swap', 'complete')
179 / 180 ('depolarizing_04', 'qaoa_cold', 'complete')
180 / 180 ('depolarizing_04', 'qaoa_transfer', 'complete')
