Verified QAOA development 2160
Verified QAOA evaluation 10800
Verified paired trajectories amplitude_damping_00
Verified paired trajectories amplitude_damping_01
Verified paired trajectories amplitude_damping_02
Verified paired trajectories amplitude_damping_03
Verified paired trajectories amplitude_damping_04
Verified paired trajectories thermal_relaxation_00
Verified paired trajectories thermal_relaxation_01
Verified paired trajectories thermal_relaxation_02
Verified paired trajectories thermal_relaxation_03
Verified paired trajectories thermal_relaxation_04
Verified paired trajectories dephasing_00
Verified paired trajectories dephasing_01
Verified paired trajectories dephasing_02
Verified paired trajectories dephasing_03
Verified paired trajectories dephasing_04
Verified paired trajectories coherent_rotation_00
Verified paired trajectories coherent_rotation_01
Verified paired trajectories coherent_rotation_02
Verified paired trajectories coherent_rotation_03
Verified paired trajectories coherent_rotation_04
Verified paired trajectories driven_dissipation_00
Verified paired trajectories driven_dissipation_01
Verified paired trajectories driven_dissipation_02
Verified paired trajectories driven_dissipation_03
Verified paired trajectories driven_dissipation_04
Verified paired trajectories depolarizing_00
Verified paired trajectories depolarizing_01
Verified paired trajectories depolarizing_02
Verified paired trajectories depolarizing_03
Verified paired trajectories depolarizing_04
{
  "qaoa_records": 12960,
  "shared_round_zero_streams": "identical cold and transfer",
  "maximum_transfer_angle_error": 0.0,
  "maximum_sampled_energy_error": 0.0,
  "maximum_expected_energy_error": 0.0,
  "trajectory_round_records": 840,
  "logical_candidates_recomputed": 3360,
  "distinct_candidates": 2640,
  "maximum_candidate_loss_error": 0.0,
  "maximum_trace_preservation_error": 4.1627179317140895e-13,
  "paired_pilot_counts": "identical for every channel",
  "source_and_protocol_hashes": "matched",
  "raw_primary_recalculation": "passed",
  "primary_independent_channels": 30,
  "status": "passed"
}
